// Jest Snapshot v1, https://goo.gl/fbAQLP

exports[`<LoadingIndicator /> renders correctly 1`] = `
<div>
  <div />
  <div />
  <div />
  <div />
  <div />
  <div />
  <div />
  <div />
</div>
`;
