// Jest Snapshot v1, https://goo.gl/fbAQLP

exports[`<Properties /> renders correctly 1`] = `
<div>
  <div>
    <h1>
      Property details list
    </h1>
    <p>
      Lorem ipsum dolor sit amet, consectetur adipiscing elit, sed do eiusmod tempor incididunt ut labore et dolore magna aliqua.
    </p>
  </div>
  <div>
    <div>
      <table>
        <thead>
          <tr>
            <th>
              Owner
            </th>
            <th>
              Address
            </th>
            <th>
              IncomeGenerated
            </th>
          </tr>
        </thead>
        <tbody>
          <tr>
            <td>
              Carlos
            </td>
            <td>
              <p>
                Flat 5
              </p>
              <p>
                7 Westbourne Terrace
              </p>
              <p>
                W2 3UL
              </p>
              <p>
                London
              </p>
              <p>
                U.K.
              </p>
            </td>
            <td>
              £
              2000.34
            </td>
          </tr>
          <tr>
            <td>
              Ankur
            </td>
            <td>
              <p>
                4
              </p>
              <p>
                Tower Mansions
              </p>
              <p>
                Off Station road
              </p>
              <p>
                86-87 Grange Road
              </p>
              <p>
                SE1 3BW
              </p>
              <p>
                London
              </p>
              <p>
                U.K.
              </p>
            </td>
            <td>
              £
              10000
            </td>
          </tr>
          <tr>
            <td>
              Elaine
            </td>
            <td>
              <p>
                4
              </p>
              <p>
                332b
              </p>
              <p>
                Goswell Road
              </p>
              <p>
                EC1V 7LQ
              </p>
              <p>
                London
              </p>
              <p>
                U.K.
              </p>
            </td>
            <td>
              £
              1200
            </td>
          </tr>
        </tbody>
      </table>
    </div>
  </div>
</div>
`;
